[judge] task   0 ISO_BR -> 0
[judge] task   0 ISO_AD -> 1
[judge] task   3 ISO_BR -> 0
[judge] task   3 ISO_AD -> 0
[judge] task   4 ISO_BR -> 0
[judge] task   4 ISO_AD -> 0
[judge] task   5 ISO_BR -> 0
[judge] task   5 ISO_AD -> 0
[judge] task   6 ISO_BR -> 1
[judge] task   6 ISO_AD -> 0
[judge] task   7 ISO_BR -> 1
[judge] task   7 ISO_AD -> 0
[judge] task   8 ISO_BR -> 0
[judge] task   8 ISO_AD -> 0
[judge] task   9 ISO_BR -> 0
[judge] task   9 ISO_AD -> 0
[judge] task  11 ISO_BR -> 0
[judge] task  11 ISO_AD -> 0
[judge] task  12 ISO_BR -> 0
[judge] task  12 ISO_AD -> 0
[judge] task  13 ISO_BR -> 0
[judge] task  13 ISO_AD -> 0
[judge] task  16 ISO_BR -> 0
[judge] task  16 ISO_AD -> 0
[judge] task  19 ISO_BR -> 0
[judge] task  19 ISO_AD -> 0
[judge] task  22 ISO_BR -> 0
[judge] task  22 ISO_AD -> 0
[judge] task  27 ISO_BR -> 0
[judge] task  27 ISO_AD -> 0
[judge] task  28 ISO_BR -> 0
[judge] task  28 ISO_AD -> 0
[judge] task  29 ISO_BR -> 0
[judge] task  29 ISO_AD -> 0
[judge] task  30 ISO_BR -> 1
[judge] task  30 ISO_AD -> 1
[judge] task  31 ISO_BR -> 0
[judge] task  31 ISO_AD -> 0
[judge] task  32 ISO_BR -> 1
[judge] task  32 ISO_AD -> 0
[judge] task  33 ISO_BR -> 0
[judge] task  33 ISO_AD -> 0
[judge] task  34 ISO_BR -> 0
[judge] task  34 ISO_AD -> 0
[judge] task  37 ISO_BR -> 0
[judge] task  37 ISO_AD -> 0
[judge] task  38 ISO_BR -> 0
[judge] task  38 ISO_AD -> 0
[judge] task  39 ISO_BR -> 1
[judge] task  39 ISO_AD -> 1
[judge] task  40 ISO_BR -> 0
[judge] task  40 ISO_AD -> 0
[judge] task  42 ISO_BR -> 1
[judge] task  42 ISO_AD -> 1
[judge] task  43 ISO_BR -> 0
[judge] task  43 ISO_AD -> 0
[judge] task  46 ISO_BR -> 0
[judge] task  46 ISO_AD -> 0
[judge] task  47 ISO_BR -> 0
[judge] task  47 ISO_AD -> 0
[judge] task  50 ISO_BR -> 0
[judge] task  50 ISO_AD -> 0
[judge] task  54 ISO_BR -> 1
[judge] task  54 ISO_AD -> 0
[judge] task  57 ISO_BR -> 0
[judge] task  57 ISO_AD -> 0
[judge] task  61 ISO_BR -> 0
[judge] task  61 ISO_AD -> 0
[judge] task  64 ISO_BR -> 0
[judge] task  64 ISO_AD -> 0
[judge] task  65 ISO_BR -> 0
[judge] task  65 ISO_AD -> 0
[judge] task  69 ISO_BR -> 0
[judge] task  69 ISO_AD -> 0
[judge] task  72 ISO_BR -> 0
[judge] task  72 ISO_AD -> 0
[judge] task  74 ISO_BR -> 0
[judge] task  74 ISO_AD -> 0
[judge] task  75 ISO_BR -> 0
[judge] task  75 ISO_AD -> 0
[judge] task  84 ISO_BR -> 0
[judge] task  84 ISO_AD -> 0
[judge] task  86 ISO_BR -> 0
[judge] task  86 ISO_AD -> 0
[judge] task  89 ISO_BR -> 1
[judge] task  89 ISO_AD -> 1
[judge] task  90 ISO_BR -> 0
[judge] task  90 ISO_AD -> 0
[judge] task  95 ISO_BR -> 1
[judge] task  95 ISO_AD -> 1
[judge] task  97 ISO_BR -> 0
[judge] task  97 ISO_AD -> 0
[judge] task  98 ISO_BR -> 0
[judge] task  98 ISO_AD -> 0
[judge] task  99 ISO_BR -> 0
[judge] task  99 ISO_AD -> 0
[judge] task 100 ISO_BR -> 0
[judge] task 100 ISO_AD -> 0
[judge] task 101 ISO_BR -> 0
[judge] task 101 ISO_AD -> 0
[judge] task 102 ISO_BR -> 0
[judge] task 102 ISO_AD -> 0
[judge] task 103 ISO_BR -> 0
[judge] task 103 ISO_AD -> 0
[judge] task 104 ISO_BR -> 0
[judge] task 104 ISO_AD -> 0
[judge] task 105 ISO_BR -> 0
[judge] task 105 ISO_AD -> 0
[judge] task 106 ISO_BR -> 0
[judge] task 106 ISO_AD -> 0
[judge] task 107 ISO_BR -> 0
[judge] task 107 ISO_AD -> 0
[judge] task 108 ISO_BR -> 0
[judge] task 108 ISO_AD -> 0
[judge] task 109 ISO_BR -> 1
[judge] task 109 ISO_AD -> 0
[judge] task 110 ISO_BR -> 0
[judge] task 110 ISO_AD -> 0
[judge] task 111 ISO_BR -> 0
[judge] task 111 ISO_AD -> 0
[judge] task 112 ISO_BR -> 1
[judge] task 112 ISO_AD -> 0
[judge] task 113 ISO_BR -> 1
[judge] task 113 ISO_AD -> 0
[judge] task 114 ISO_BR -> 0
[judge] task 114 ISO_AD -> 0
[judge] task 115 ISO_BR -> 0
[judge] task 115 ISO_AD -> 0
[judge] task 117 ISO_BR -> 0
[judge] task 117 ISO_AD -> 0
[judge] task 118 ISO_BR -> 0
[judge] task 118 ISO_AD -> 0
[judge] task 119 ISO_BR -> 0
[judge] task 119 ISO_AD -> 0
[judge] task 121 ISO_BR -> 0
[judge] task 121 ISO_AD -> 0
[judge] task 123 ISO_BR -> 1
[judge] task 123 ISO_AD -> 1
[judge] task 124 ISO_BR -> 0
